
========================================
[SIMULAÇÃO DE ENVIO DE E-MAIL]
Data/Hora: 2026-06-01T22:13:54.102Z
Remetente: "Monorepo UEG" <noreply@ueg.br>
Destinatário: joseleonardo@ueg.br
Assunto: Recuperação de Senha
----------------------------------------
Texto:
Para redefinir sua senha, clique no link: http://localhost:4200/auth/reset-password?token=a864abea4f843b41ecca22ddb08cf31492abd627daf464abfa39fd3361cf97bc
----------------------------------------
HTML:
<p>Para redefinir sua senha, clique no link: <a href="http://localhost:4200/auth/reset-password?token=a864abea4f843b41ecca22ddb08cf31492abd627daf464abfa39fd3361cf97bc">http://localhost:4200/auth/reset-password?token=a864abea4f843b41ecca22ddb08cf31492abd627daf464abfa39fd3361cf97bc</a></p>
========================================

========================================
[SIMULAÇÃO DE ENVIO DE E-MAIL]
Data/Hora: 2026-06-01T22:14:24.812Z
Remetente: "Monorepo UEG" <noreply@ueg.br>
Destinatário: joseleonardo@ueg.br
Assunto: Recuperação de Senha
----------------------------------------
Texto:
Para redefinir sua senha, clique no link: http://localhost:4200/auth/reset-password?token=ba0e9793355093702323962e32643cc642a6b80a18a6605c15960bbb0a8de628
----------------------------------------
HTML:
<p>Para redefinir sua senha, clique no link: <a href="http://localhost:4200/auth/reset-password?token=ba0e9793355093702323962e32643cc642a6b80a18a6605c15960bbb0a8de628">http://localhost:4200/auth/reset-password?token=ba0e9793355093702323962e32643cc642a6b80a18a6605c15960bbb0a8de628</a></p>
========================================

========================================
[SIMULAÇÃO DE ENVIO DE E-MAIL]
Data/Hora: 2026-06-01T22:14:40.183Z
Remetente: "Monorepo UEG" <noreply@ueg.br>
Destinatário: joseleonardo@ueg.br
Assunto: Recuperação de Senha
----------------------------------------
Texto:
Para redefinir sua senha, clique no link: http://localhost:4200/auth/reset-password?token=635f0ccaf6f90bc8ddc2e5d741f61d58b67c153dddabad1775032d4aad1bb38a
----------------------------------------
HTML:
<p>Para redefinir sua senha, clique no link: <a href="http://localhost:4200/auth/reset-password?token=635f0ccaf6f90bc8ddc2e5d741f61d58b67c153dddabad1775032d4aad1bb38a">http://localhost:4200/auth/reset-password?token=635f0ccaf6f90bc8ddc2e5d741f61d58b67c153dddabad1775032d4aad1bb38a</a></p>
========================================
